// Jest Snapshot v1, https://goo.gl/fbAQLP

exports[`Container renders children 1`] = `
ShallowWrapper {
  Symbol(enzyme.__root__): [Circular],
  Symbol(enzyme.__unrendered__): <Container
    max="1024px"
  >
    this is a test
  </Container>,
  Symbol(enzyme.__renderer__): Object {
    "batchedUpdates": [Function],
    "getNode": [Function],
    "render": [Function],
    "simulateError": [Function],
    "simulateEvent": [Function],
    "unmount": [Function],
  },
  Symbol(enzyme.__node__): Object {
    "instance": null,
    "key": undefined,
    "nodeType": "host",
    "props": Object {
      "children": Array [
        "this is a test",
        <JSXStyle
          css=".container.__jsx-style-dynamic-selector{width:100%;max-width:1024px;padding:0 8px;margin:auto;}"
          dynamic={
            Array [
              "1024px",
              "8px",
            ]
          }
          styleId="391923204"
        />,
      ],
      "className": "jsx-4183663630 container",
    },
    "ref": null,
    "rendered": Array [
      "this is a test",
      Object {
        "instance": null,
        "key": undefined,
        "nodeType": "class",
        "props": Object {
          "css": ".container.__jsx-style-dynamic-selector{width:100%;max-width:1024px;padding:0 8px;margin:auto;}",
          "dynamic": Array [
            "1024px",
            "8px",
          ],
          "styleId": "391923204",
        },
        "ref": null,
        "rendered": null,
        "type": [Function],
      },
    ],
    "type": "div",
  },
  Symbol(enzyme.__nodes__): Array [
    Object {
      "instance": null,
      "key": undefined,
      "nodeType": "host",
      "props": Object {
        "children": Array [
          "this is a test",
          <JSXStyle
            css=".container.__jsx-style-dynamic-selector{width:100%;max-width:1024px;padding:0 8px;margin:auto;}"
            dynamic={
              Array [
                "1024px",
                "8px",
              ]
            }
            styleId="391923204"
          />,
        ],
        "className": "jsx-4183663630 container",
      },
      "ref": null,
      "rendered": Array [
        "this is a test",
        Object {
          "instance": null,
          "key": undefined,
          "nodeType": "class",
          "props": Object {
            "css": ".container.__jsx-style-dynamic-selector{width:100%;max-width:1024px;padding:0 8px;margin:auto;}",
            "dynamic": Array [
              "1024px",
              "8px",
            ],
            "styleId": "391923204",
          },
          "ref": null,
          "rendered": null,
          "type": [Function],
        },
      ],
      "type": "div",
    },
  ],
  Symbol(enzyme.__options__): Object {
    "adapter": ReactSixteenAdapter {
      "options": Object {
        "enableComponentDidUpdateOnSetState": true,
        "lifecycles": Object {
          "componentDidUpdate": Object {
            "onSetState": true,
          },
          "getDerivedStateFromProps": true,
          "getSnapshotBeforeUpdate": true,
          "setState": Object {
            "skipsComponentDidUpdateOnNullish": true,
          },
        },
      },
    },
    "attachTo": undefined,
    "hydrateIn": undefined,
  },
}
`;
